N = 14743
3.032568 0.048485 -0.000132 
0.048485 2.232202 -0.013692 
-0.000132 -0.013692 0.561513 
