-303 0:0:0
14847 255:255:255
nv 255:255:255
default 255:255:255
