
+------------------------------------------------------------------------------+
|                        COINCIDENCE TABULATION REPORT                         |
|------------------------------------------------------------------------------|
| Location: temp_location   Mapset: PERMANENT        Date: Sun Jun 26 11:43:50 |
|                                                                              |
| Layer 1: tmp146693422996--                                                   |
| Layer 2: tmp146693422996--                                                   |
| Mask:    Aucun                                                               |
|                                                                              |
| Units:   percent cover                                                       |
|------------------------------------------------------------------------------|
| Window:                      North: 6693700                                  |
|              West: 344500                      East: 358400                  |
|                              South: 6682800                                  |
+------------------------------------------------------------------------------+

Panel #1 of 1
+--------------------------------------------------------------------------------+           +-----------------------+
|        | tmp14669342299627                             |    Panel Row Total    |           |    Table Row Total    |
|   cat# |         1 |         2 |         3 |         4 |   w cat 0 | w/o cat 0 |           |   w cat 0 | w/o cat 0 |
|--------------------------------------------------------------------------------|           |-----------------------|
|t     1 |      0.29 |      1.55 |      5.10 |      6.14 |     13.08 |     13.08 |           |     13.08 |     13.08 |
|m     2 |      0.12 |      0.69 |      2.36 |      2.81 |      5.98 |      5.98 |           |      5.98 |      5.98 |
|p     3 |      0.28 |      1.39 |      5.50 |      6.59 |     13.75 |     13.75 |           |     13.75 |     13.75 |
|1     4 |      0.36 |      2.20 |      8.22 |      8.86 |     19.64 |     19.64 |           |     19.64 |     19.64 |
|4     5 |      0.30 |      1.35 |      5.04 |      6.14 |     12.83 |     12.83 |           |     12.83 |     12.83 |
|6     6 |      0.61 |      3.89 |     12.91 |     15.31 |     32.73 |     32.73 |           |     32.73 |     32.73 |
|--------------------------------------------------------------------------------|           |-----------------------|
|Total   |           |           |           |           |           |           |           |           |           |
|with 0  |      1.96 |     11.08 |     39.13 |     45.85 |     98.02 |     98.02 |           |     98.02 |     98.02 |
|--------------------------------------------------------------------------------|           |-----------------------|
|w/o 0   |      1.96 |     11.08 |     39.13 |     45.85 |     98.02 |     98.02 |           |     98.02 |     98.02 |
+--------------------------------------------------------------------------------+           +-----------------------+

