1:1:0:344550:6693650:344550:6693650
2:1:100:355550:6693650:355550:6693550
3:1:100:352750:6693650:352650:6693650
4:1:100:344650:6693650:344550:6693650
