-1.36308465|-5.98385631|-1.36301901|-5.98379059|2|2
