 0.000000 11058.000000
 100.000000 684.000000
 200.000000 10791.000000
 300.000000 328.000000
 400.000000 13292.000000
 500.000000 459.000000
 600.000000 5546.000000
 700.000000 12769.000000
 800.000000 -160.000000
 900.000000 9926.000000
